// Jest Snapshot v1, https://goo.gl/fbAQLP

exports[`#transform should transform the jsx in input.js 1`] = `
"\\"use strict\\";

var Surplus = _interopRequireWildcard(require(\\"surplus\\"));

function _interopRequireWildcard(obj) { if (obj && obj.__esModule) { return obj; } else { var newObj = {}; if (obj != null) { for (var key in obj) { if (Object.prototype.hasOwnProperty.call(obj, key)) { var desc = Object.defineProperty && Object.getOwnPropertyDescriptor ? Object.getOwnPropertyDescriptor(obj, key) : {}; if (desc.get || desc.set) { Object.defineProperty(newObj, key, desc); } else { newObj[key] = obj[key]; } } } } newObj.default = obj; return newObj; } }

var view = function () {
  var __, __h21;

  __ = Surplus.createElement(\\"div\\", null, null);
  __h21 = Surplus.createElement(\\"h2\\", null, __);
  __h21.textContent = \\"Surplus\\";
  return __;
}();

document.body.appendChild(view);"
`;
